'vitest' 不是内部或外部命令，也不是可运行的程序
或批处理文件。
